
unknown
(
  (define-fun f ((_arg_0 Int)) Pair (pair 5 (as @a0 Int)))
  (define-fun x () Int 0)
  (define-fun y () Int 5)
)
