
unknown
(
  (define-fun x () Int (as @a2 Int))
  (define-fun f ((_arg_0 Int)) Int (as @a1 Int))
)
