
unknown
; This model is a best-effort. It includes symbols
        for which model generation is known to be incomplete. 
(
  (define-fun x () Real (/ 1 4))
)
