
unknown
(
  (define-fun x () Real 0.0)
  (define-fun y () Real 0.0)
)
(objectives 
  (x (- 2.0 epsilon))
  (y (interval (- oo) (+ oo)))
)